[ERROR] unsupported frontmatter infostring `.toml`; specify `cargo` for embedding a manifest
 --> script:1:4
  |
1 | ---.toml
  |    ^^^^^
