[ERROR] unclosed frontmatter; expected `---`
 --> script:1:1
  |
1 | ---cargo
  | ^^^
