[ERROR] unsupported frontmatter infostring `-toml`; specify `cargo` for embedding a manifest
 --> script:1:5
  |
1 | --- -toml
  |     ^^^^^
