[ERROR] closing code fence has 1 more `-` than the opening fence
 --> script:3:4
  |
3 | ----
  |    ^
