[ERROR] closing code fence has 1 less `-` than the opening fence
 --> script:3:1
  |
3 | ---cargo
  | ^^^
